// Jest Snapshot v1, https://goo.gl/fbAQLP

exports[`Modal Components Snapshot 1`] = `null`;
